#
# There is insufficient memory for the Java Runtime Environment to continue.
# Native memory allocation (malloc) failed to allocate 1172816 bytes. Error detail: Chunk::new
# Possible reasons:
#   The system is out of physical RAM or swap space
#   This process is running with CompressedOops enabled, and the Java Heap may be blocking the growth of the native heap
# Possible solutions:
#   Reduce memory load on the system
#   Increase physical memory or swap space
#   Check if swap backing store is full
#   Decrease Java heap size (-Xmx/-Xms)
#   Decrease number of Java threads
#   Decrease Java thread stack sizes (-Xss)
#   Set larger code cache with -XX:ReservedCodeCacheSize=
#   JVM is running with Unscaled Compressed Oops mode in which the Java heap is
#     placed in the first 4GB address space. The Java Heap base address is the
#     maximum limit for the native heap growth. Please use -XX:HeapBaseMinAddress
#     to set the Java Heap base and to place the Java Heap above 4GB virtual address.
# This output file may be truncated or incomplete.
#
#  Out of Memory Error (arena.cpp:168), pid=11288, tid=15568
#
# JRE version: OpenJDK Runtime Environment Temurin-21.0.11+10 (21.0.11+10) (build 21.0.11+10-LTS)
# Java VM: OpenJDK 64-Bit Server VM Temurin-21.0.11+10 (21.0.11+10-LTS, mixed mode, sharing, tiered, compressed oops, compressed class ptrs, parallel gc, windows-amd64)
# No core dump will be written. Minidumps are not enabled by default on client versions of Windows
#

---------------  S U M M A R Y ------------

Command Line: --add-modules=ALL-SYSTEM --add-opens=java.base/java.util=ALL-UNNAMED --add-opens=java.base/java.lang=ALL-UNNAMED --add-opens=java.base/sun.nio.fs=ALL-UNNAMED -Declipse.application=org.eclipse.jdt.ls.core.id1 -Dosgi.bundles.defaultStartLevel=4 -Declipse.product=org.eclipse.jdt.ls.core.product -Djava.import.generatesMetadataFilesAtProjectRoot=false -DDetectVMInstallationsJob.disabled=true -Dfile.encoding=utf8 -XX:+UseParallelGC -XX:GCTimeRatio=4 -XX:AdaptiveSizePolicyWeight=90 -Dsun.zip.disableMemoryMapping=true -Xmx2G -Xms100m -Xlog:disable -javaagent:c:\Users\P.Monishraj\.antigravity-ide\extensions\redhat.java-1.55.0-win32-x64\lombok\lombok-1.18.39-4050.jar c:\Users\P.Monishraj\.antigravity-ide\extensions\redhat.java-1.55.0-win32-x64\server\plugins\org.eclipse.equinox.launcher_1.7.200.v20260619-2039.jar -configuration c:\Users\P.Monishraj\AppData\Roaming\Antigravity IDE\User\globalStorage\redhat.java\1.55.0\config_ss_win -data c:\Users\P.Monishraj\AppData\Roaming\Antigravity IDE\User\workspaceStorage\543231363e8e1b09bb86b2dc14ea84b5\redhat.java\ss_ws --pipe=\\.\pipe\lsp-44220308b28f390e2d664e1684ba06e3-sock

Host: 12th Gen Intel(R) Core(TM) i5-1235U, 12 cores, 7G,  Windows 11 , 64 bit Build 26100 (10.0.26100.8737)
Time: Fri Jul  3 17:46:38 2026 India Standard Time elapsed time: 16.068191 seconds (0d 0h 0m 16s)

---------------  T H R E A D  ---------------

Current thread (0x0000019a8eb01110):  JavaThread "C2 CompilerThread0" daemon [_thread_in_native, id=15568, stack(0x0000008001a00000,0x0000008001b00000) (1024K)]


Current CompileTask:
C2:16068 2764       4       org.lombokweb.asm.ClassReader::readMethod (1070 bytes)

Stack: [0x0000008001a00000,0x0000008001b00000]
Native frames: (J=compiled Java code, j=interpreted, Vv=VM code, C=native code)
V  [jvm.dll+0x6d7e19]
V  [jvm.dll+0x8b5096]
V  [jvm.dll+0x8b764e]
V  [jvm.dll+0x8b7d33]
V  [jvm.dll+0x284596]
V  [jvm.dll+0xc685d]
V  [jvm.dll+0xc6da1]
V  [jvm.dll+0x3bed31]
V  [jvm.dll+0x38b2b2]
V  [jvm.dll+0x38a6fa]
V  [jvm.dll+0x24c700]
V  [jvm.dll+0x24bce0]
V  [jvm.dll+0x1cb4ae]
V  [jvm.dll+0x25baad]
V  [jvm.dll+0x25a03a]
V  [jvm.dll+0x3f868e]
V  [jvm.dll+0x85fb0d]
V  [jvm.dll+0x6d664d]
C  [ucrtbase.dll+0x2cd30]
C  [KERNEL32.DLL+0x2e957]
C  [ntdll.dll+0xaad6c]


---------------  P R O C E S S  ---------------

Threads class SMR info:
_java_thread_list=0x0000019ae88bb420, length=19, elements={
0x0000019a8c6ca4c0, 0x0000019a8e9fda40, 0x0000019a8eaf5b10, 0x0000019a8eaf7dc0,
0x0000019a8eaf9df0, 0x0000019a8eafa850, 0x0000019a8eaff2c0, 0x0000019a8eb01110,
0x0000019a8eb0def0, 0x0000019ae7962300, 0x0000019ae7aecd80, 0x0000019ae8e644d0,
0x0000019ae8da4f10, 0x0000019ae8e75910, 0x0000019ae8d94e40, 0x0000019ae7b05710,
0x0000019ae88ce020, 0x0000019ae79225f0, 0x0000019ae78551f0
}

Java Threads: ( => current thread )
  0x0000019a8c6ca4c0 JavaThread "main"                              [_thread_blocked, id=10836, stack(0x0000008001000000,0x0000008001100000) (1024K)]
  0x0000019a8e9fda40 JavaThread "Reference Handler"          daemon [_thread_blocked, id=15636, stack(0x0000008001400000,0x0000008001500000) (1024K)]
  0x0000019a8eaf5b10 JavaThread "Finalizer"                  daemon [_thread_blocked, id=15724, stack(0x0000008001500000,0x0000008001600000) (1024K)]
  0x0000019a8eaf7dc0 JavaThread "Signal Dispatcher"          daemon [_thread_blocked, id=20408, stack(0x0000008001600000,0x0000008001700000) (1024K)]
  0x0000019a8eaf9df0 JavaThread "Attach Listener"            daemon [_thread_blocked, id=14724, stack(0x0000008001700000,0x0000008001800000) (1024K)]
  0x0000019a8eafa850 JavaThread "Service Thread"             daemon [_thread_blocked, id=27472, stack(0x0000008001800000,0x0000008001900000) (1024K)]
  0x0000019a8eaff2c0 JavaThread "Monitor Deflation Thread"   daemon [_thread_blocked, id=28364, stack(0x0000008001900000,0x0000008001a00000) (1024K)]
=>0x0000019a8eb01110 JavaThread "C2 CompilerThread0"         daemon [_thread_in_native, id=15568, stack(0x0000008001a00000,0x0000008001b00000) (1024K)]
  0x0000019a8eb0def0 JavaThread "C1 CompilerThread0"         daemon [_thread_blocked, id=28324, stack(0x0000008001b00000,0x0000008001c00000) (1024K)]
  0x0000019ae7962300 JavaThread "Common-Cleaner"             daemon [_thread_blocked, id=6964, stack(0x0000008001c00000,0x0000008001d00000) (1024K)]
  0x0000019ae7aecd80 JavaThread "Notification Thread"        daemon [_thread_blocked, id=13452, stack(0x0000008001d00000,0x0000008001e00000) (1024K)]
  0x0000019ae8e644d0 JavaThread "Active Thread: Equinox Container: 121fe204-5031-4eff-95cb-426f7957351b"        [_thread_blocked, id=33208, stack(0x0000008002400000,0x0000008002500000) (1024K)]
  0x0000019ae8da4f10 JavaThread "Framework Event Dispatcher: Equinox Container: 121fe204-5031-4eff-95cb-426f7957351b" daemon [_thread_blocked, id=29788, stack(0x0000008002500000,0x0000008002600000) (1024K)]
  0x0000019ae8e75910 JavaThread "Start Level: Equinox Container: 121fe204-5031-4eff-95cb-426f7957351b" daemon [_thread_in_native, id=10548, stack(0x0000008002600000,0x0000008002700000) (1024K)]
  0x0000019ae8d94e40 JavaThread "SCR Component Actor"        daemon [_thread_blocked, id=2024, stack(0x0000008002800000,0x0000008002900000) (1024K)]
  0x0000019ae7b05710 JavaThread "Worker-JM"                         [_thread_blocked, id=1896, stack(0x0000008002900000,0x0000008002a00000) (1024K)]
  0x0000019ae88ce020 JavaThread "JNA Cleaner"                daemon [_thread_blocked, id=19996, stack(0x0000008002d00000,0x0000008002e00000) (1024K)]
  0x0000019ae79225f0 JavaThread "Worker-0"                          [_thread_blocked, id=18224, stack(0x0000008002e00000,0x0000008002f00000) (1024K)]
  0x0000019ae78551f0 JavaThread "Worker-1"                          [_thread_blocked, id=16920, stack(0x0000008002f00000,0x0000008003000000) (1024K)]
Total: 19

Other Threads:
  0x0000019a8eaf1820 VMThread "VM Thread"                           [id=10380, stack(0x0000008001300000,0x0000008001400000) (1024K)]
  0x0000019a8e8dc210 WatcherThread "VM Periodic Task Thread"        [id=2708, stack(0x0000008001200000,0x0000008001300000) (1024K)]
  0x0000019a8ea715f0 WorkerThread "GC Thread#0"                     [id=32372, stack(0x0000008001100000,0x0000008001200000) (1024K)]
  0x0000019ae879c160 WorkerThread "GC Thread#1"                     [id=7092, stack(0x0000008001e00000,0x0000008001f00000) (1024K)]
  0x0000019ae8c49bc0 WorkerThread "GC Thread#2"                     [id=18448, stack(0x0000008001f00000,0x0000008002000000) (1024K)]
  0x0000019ae876da20 WorkerThread "GC Thread#3"                     [id=28292, stack(0x0000008002000000,0x0000008002100000) (1024K)]
  0x0000019ae8c3a410 WorkerThread "GC Thread#4"                     [id=24196, stack(0x0000008002100000,0x0000008002200000) (1024K)]
  0x0000019ae8c3a7c0 WorkerThread "GC Thread#5"                     [id=21728, stack(0x0000008002200000,0x0000008002300000) (1024K)]
  0x0000019ae8c3af80 WorkerThread "GC Thread#6"                     [id=16096, stack(0x0000008002300000,0x0000008002400000) (1024K)]
  0x0000019ae8d92230 WorkerThread "GC Thread#7"                     [id=2164, stack(0x0000008002700000,0x0000008002800000) (1024K)]
  0x0000019ae8d3e5c0 WorkerThread "GC Thread#8"                     [id=25112, stack(0x0000008002a00000,0x0000008002b00000) (1024K)]
  0x0000019ae8d3e970 WorkerThread "GC Thread#9"                     [id=14220, stack(0x0000008002b00000,0x0000008002c00000) (1024K)]
Total: 12

Threads with active compile tasks:
C2 CompilerThread0  16106 2764       4       org.lombokweb.asm.ClassReader::readMethod (1070 bytes)
Total: 1

VM state: not at safepoint (normal execution)

VM Mutex/Monitor currently owned by a thread: None

Heap address: 0x0000000080000000, size: 2048 MB, Compressed Oops mode: 32-bit

CDS archive(s) mapped at: [0x0000019aa6000000-0x0000019aa6ba0000-0x0000019aa6ba0000), size 12189696, SharedBaseAddress: 0x0000019aa6000000, ArchiveRelocationMode: 1.
Compressed class space mapped at: 0x0000019aa7000000-0x0000019ae7000000, reserved size: 1073741824
Narrow klass base: 0x0000019aa6000000, Narrow klass shift: 0, Narrow klass range: 0x100000000

GC Precious Log:
 CardTable entry size: 512
 CPUs: 12 total, 12 available
 Memory: 7876M
 Large Page Support: Disabled
 NUMA Support: Disabled
 Compressed Oops: Enabled (32-bit)
 Alignments: Space 512K, Generation 512K, Heap 2M
 Heap Min Capacity: 100M
 Heap Initial Capacity: 100M
 Heap Max Capacity: 2G
 Pre-touch: Disabled
 Parallel Workers: 10

Heap:
 PSYoungGen      total 29696K, used 20678K [0x00000000d5580000, 0x00000000d7a80000, 0x0000000100000000)
  eden space 25088K, 82% used [0x00000000d5580000,0x00000000d69b1b18,0x00000000d6e00000)
  from space 4608K, 0% used [0x00000000d7600000,0x00000000d7600000,0x00000000d7a80000)
  to   space 5120K, 0% used [0x00000000d7080000,0x00000000d7080000,0x00000000d7580000)
 ParOldGen       total 68608K, used 15603K [0x0000000080000000, 0x0000000084300000, 0x00000000d5580000)
  object space 68608K, 22% used [0x0000000080000000,0x0000000080f3cef8,0x0000000084300000)
 Metaspace       used 22261K, committed 22912K, reserved 1114112K
  class space    used 2167K, committed 2432K, reserved 1048576K

Card table byte_map: [0x0000019a8e3f0000,0x0000019a8e800000] _byte_map_base: 0x0000019a8dff0000

Marking Bits: (ParMarkBitMap*) 0x00007ffcce734460
 Begin Bits: [0x0000019aa0f00000, 0x0000019aa2f00000)
 End Bits:   [0x0000019aa2f00000, 0x0000019aa4f00000)

Polling page: 0x0000019a8c890000

Metaspace:

Usage:
  Non-class:     19.62 MB used.
      Class:      2.12 MB used.
       Both:     21.74 MB used.

Virtual space:
  Non-class space:       64.00 MB reserved,      20.00 MB ( 31%) committed,  1 nodes.
      Class space:        1.00 GB reserved,       2.38 MB ( <1%) committed,  1 nodes.
             Both:        1.06 GB reserved,      22.38 MB (  2%) committed. 

Chunk freelists:
   Non-Class:  11.70 MB
       Class:  13.56 MB
        Both:  25.26 MB

MaxMetaspaceSize: unlimited
CompressedClassSpaceSize: 1.00 GB
Initial GC threshold: 21.00 MB
Current GC threshold: 35.00 MB
CDS: on
 - commit_granule_bytes: 65536.
 - commit_granule_words: 8192.
 - virtual_space_node_default_size: 8388608.
 - enlarge_chunks_in_place: 1.
 - use_allocation_guard: 0.


Internal statistics:

num_allocs_failed_limit: 3.
num_arena_births: 516.
num_arena_deaths: 14.
num_vsnodes_births: 2.
num_vsnodes_deaths: 0.
num_space_committed: 358.
num_space_uncommitted: 0.
num_chunks_returned_to_freelist: 17.
num_chunks_taken_from_freelist: 1361.
num_chunk_merges: 9.
num_chunk_splits: 889.
num_chunks_enlarged: 581.
num_inconsistent_stats: 0.

CodeHeap 'non-profiled nmethods': size=120000Kb used=1279Kb max_used=1279Kb free=118720Kb
 bounds [0x0000019a99720000, 0x0000019a99990000, 0x0000019aa0c50000]
CodeHeap 'profiled nmethods': size=120000Kb used=5520Kb max_used=5520Kb free=114479Kb
 bounds [0x0000019a91c50000, 0x0000019a921c0000, 0x0000019a99180000]
CodeHeap 'non-nmethods': size=5760Kb used=1318Kb max_used=1320Kb free=4442Kb
 bounds [0x0000019a99180000, 0x0000019a993f0000, 0x0000019a99720000]
CodeCache: size=245760Kb, used=8117Kb, max_used=8119Kb, free=237641Kb
 total_blobs=3417, nmethods=2814, adapters=509, full_count=0
Compilation: enabled, stopped_count=0, restarted_count=0

Compilation events (20 events):
Event: 15.016 Thread 0x0000019a8eb0def0 2803       3       org.eclipse.core.internal.preferences.EclipsePreferences::firePreferenceEvent (60 bytes)
Event: 15.019 Thread 0x0000019a8eb0def0 nmethod 2803 0x0000019a9219f090 code [0x0000019a9219f3e0, 0x0000019a921a0648]
Event: 15.019 Thread 0x0000019a8eb0def0 2808   !   3       org.eclipse.core.internal.preferences.EclipsePreferences::getChild (92 bytes)
Event: 15.020 Thread 0x0000019a8eb0def0 nmethod 2808 0x0000019a921a0d90 code [0x0000019a921a0fc0, 0x0000019a921a18e0]
Event: 15.021 Thread 0x0000019a8eb0def0 2806       3       org.eclipse.core.internal.preferences.EclipsePreferences::absolutePath (79 bytes)
Event: 15.029 Thread 0x0000019a8eb0def0 nmethod 2806 0x0000019a921a1b90 code [0x0000019a921a2240, 0x0000019a921a7450]
Event: 15.029 Thread 0x0000019a8eb0def0 2802       3       org.eclipse.core.internal.preferences.DefaultPreferences::getLoadLevel (52 bytes)
Event: 15.030 Thread 0x0000019a8eb0def0 nmethod 2802 0x0000019a921a8790 code [0x0000019a921a8980, 0x0000019a921a8fd0]
Event: 15.030 Thread 0x0000019a8eb0def0 2809       3       org.eclipse.core.internal.preferences.PreferencesService::getRootNode (4 bytes)
Event: 15.030 Thread 0x0000019a8eb0def0 nmethod 2809 0x0000019a921a9210 code [0x0000019a921a93a0, 0x0000019a921a94b8]
Event: 15.030 Thread 0x0000019a8eb0def0 2810       3       org.eclipse.core.internal.preferences.RootPreferences::node (7 bytes)
Event: 15.031 Thread 0x0000019a8eb0def0 nmethod 2810 0x0000019a921a9590 code [0x0000019a921a9740, 0x0000019a921a9888]
Event: 15.031 Thread 0x0000019a8eb0def0 2811       3       org.eclipse.core.internal.preferences.RootPreferences::getNode (135 bytes)
Event: 15.033 Thread 0x0000019a8eb0def0 nmethod 2811 0x0000019a921a9910 code [0x0000019a921a9c60, 0x0000019a921ab000]
Event: 15.033 Thread 0x0000019a8eb0def0 2812   !   3       org.eclipse.core.internal.preferences.EclipsePreferences::getOrCreate (108 bytes)
Event: 15.034 Thread 0x0000019a8eb0def0 nmethod 2812 0x0000019a921ab710 code [0x0000019a921ab960, 0x0000019a921ac420]
Event: 15.034 Thread 0x0000019a8eb0def0 2807       3       org.eclipse.core.internal.preferences.PreferencesService::getDefault (20 bytes)
Event: 15.034 Thread 0x0000019a8eb0def0 nmethod 2807 0x0000019a921ac810 code [0x0000019a921ac9c0, 0x0000019a921acbb8]
Event: 15.231 Thread 0x0000019a8eb0def0 2813       3       java.lang.Thread::isVirtual (5 bytes)
Event: 15.231 Thread 0x0000019a8eb0def0 nmethod 2813 0x0000019a921acc90 code [0x0000019a921ace40, 0x0000019a921ad048]

GC Heap History (14 events):
Event: 3.160 GC heap before
{Heap before GC invocations=1 (full 0):
 PSYoungGen      total 29696K, used 25600K [0x00000000d5580000, 0x00000000d7680000, 0x0000000100000000)
  eden space 25600K, 100% used [0x00000000d5580000,0x00000000d6e80000,0x00000000d6e80000)
  from space 4096K, 0% used [0x00000000d7280000,0x00000000d7280000,0x00000000d7680000)
  to   space 4096K, 0% used [0x00000000d6e80000,0x00000000d6e80000,0x00000000d7280000)
 ParOldGen       total 68608K, used 0K [0x0000000080000000, 0x0000000084300000, 0x00000000d5580000)
  object space 68608K, 0% used [0x0000000080000000,0x0000000080000000,0x0000000084300000)
 Metaspace       used 4363K, committed 4608K, reserved 1114112K
  class space    used 475K, committed 576K, reserved 1048576K
}
Event: 3.186 GC heap after
{Heap after GC invocations=1 (full 0):
 PSYoungGen      total 29696K, used 3335K [0x00000000d5580000, 0x00000000d7680000, 0x0000000100000000)
  eden space 25600K, 0% used [0x00000000d5580000,0x00000000d5580000,0x00000000d6e80000)
  from space 4096K, 81% used [0x00000000d6e80000,0x00000000d71c1e98,0x00000000d7280000)
  to   space 4096K, 0% used [0x00000000d7280000,0x00000000d7280000,0x00000000d7680000)
 ParOldGen       total 68608K, used 0K [0x0000000080000000, 0x0000000084300000, 0x00000000d5580000)
  object space 68608K, 0% used [0x0000000080000000,0x0000000080000000,0x0000000084300000)
 Metaspace       used 4363K, committed 4608K, reserved 1114112K
  class space    used 475K, committed 576K, reserved 1048576K
}
Event: 5.886 GC heap before
{Heap before GC invocations=2 (full 0):
 PSYoungGen      total 29696K, used 28935K [0x00000000d5580000, 0x00000000d7680000, 0x0000000100000000)
  eden space 25600K, 100% used [0x00000000d5580000,0x00000000d6e80000,0x00000000d6e80000)
  from space 4096K, 81% used [0x00000000d6e80000,0x00000000d71c1e98,0x00000000d7280000)
  to   space 4096K, 0% used [0x00000000d7280000,0x00000000d7280000,0x00000000d7680000)
 ParOldGen       total 68608K, used 0K [0x0000000080000000, 0x0000000084300000, 0x00000000d5580000)
  object space 68608K, 0% used [0x0000000080000000,0x0000000080000000,0x0000000084300000)
 Metaspace       used 8171K, committed 8448K, reserved 1114112K
  class space    used 865K, committed 960K, reserved 1048576K
}
Event: 5.895 GC heap after
{Heap after GC invocations=2 (full 0):
 PSYoungGen      total 29696K, used 4086K [0x00000000d5580000, 0x00000000d7680000, 0x0000000100000000)
  eden space 25600K, 0% used [0x00000000d5580000,0x00000000d5580000,0x00000000d6e80000)
  from space 4096K, 99% used [0x00000000d7280000,0x00000000d767d810,0x00000000d7680000)
  to   space 4096K, 0% used [0x00000000d6e80000,0x00000000d6e80000,0x00000000d7280000)
 ParOldGen       total 68608K, used 1070K [0x0000000080000000, 0x0000000084300000, 0x00000000d5580000)
  object space 68608K, 1% used [0x0000000080000000,0x000000008010bbf8,0x0000000084300000)
 Metaspace       used 8171K, committed 8448K, reserved 1114112K
  class space    used 865K, committed 960K, reserved 1048576K
}
Event: 6.838 GC heap before
{Heap before GC invocations=3 (full 0):
 PSYoungGen      total 29696K, used 29686K [0x00000000d5580000, 0x00000000d7680000, 0x0000000100000000)
  eden space 25600K, 100% used [0x00000000d5580000,0x00000000d6e80000,0x00000000d6e80000)
  from space 4096K, 99% used [0x00000000d7280000,0x00000000d767d810,0x00000000d7680000)
  to   space 4096K, 0% used [0x00000000d6e80000,0x00000000d6e80000,0x00000000d7280000)
 ParOldGen       total 68608K, used 1070K [0x0000000080000000, 0x0000000084300000, 0x00000000d5580000)
  object space 68608K, 1% used [0x0000000080000000,0x000000008010bbf8,0x0000000084300000)
 Metaspace       used 12996K, committed 13568K, reserved 1114112K
  class space    used 1375K, committed 1600K, reserved 1048576K
}
Event: 6.846 GC heap after
{Heap after GC invocations=3 (full 0):
 PSYoungGen      total 29696K, used 4092K [0x00000000d5580000, 0x00000000d7680000, 0x0000000100000000)
  eden space 25600K, 0% used [0x00000000d5580000,0x00000000d5580000,0x00000000d6e80000)
  from space 4096K, 99% used [0x00000000d6e80000,0x00000000d727f3c8,0x00000000d7280000)
  to   space 4096K, 0% used [0x00000000d7280000,0x00000000d7280000,0x00000000d7680000)
 ParOldGen       total 68608K, used 2821K [0x0000000080000000, 0x0000000084300000, 0x00000000d5580000)
  object space 68608K, 4% used [0x0000000080000000,0x00000000802c1698,0x0000000084300000)
 Metaspace       used 12996K, committed 13568K, reserved 1114112K
  class space    used 1375K, committed 1600K, reserved 1048576K
}
Event: 11.951 GC heap before
{Heap before GC invocations=4 (full 0):
 PSYoungGen      total 29696K, used 29692K [0x00000000d5580000, 0x00000000d7680000, 0x0000000100000000)
  eden space 25600K, 100% used [0x00000000d5580000,0x00000000d6e80000,0x00000000d6e80000)
  from space 4096K, 99% used [0x00000000d6e80000,0x00000000d727f3c8,0x00000000d7280000)
  to   space 4096K, 0% used [0x00000000d7280000,0x00000000d7280000,0x00000000d7680000)
 ParOldGen       total 68608K, used 2821K [0x0000000080000000, 0x0000000084300000, 0x00000000d5580000)
  object space 68608K, 4% used [0x0000000080000000,0x00000000802c1698,0x0000000084300000)
 Metaspace       used 15293K, committed 15936K, reserved 1114112K
  class space    used 1614K, committed 1920K, reserved 1048576K
}
Event: 11.962 GC heap after
{Heap after GC invocations=4 (full 0):
 PSYoungGen      total 29696K, used 4091K [0x00000000d5580000, 0x00000000d7680000, 0x0000000100000000)
  eden space 25600K, 0% used [0x00000000d5580000,0x00000000d5580000,0x00000000d6e80000)
  from space 4096K, 99% used [0x00000000d7280000,0x00000000d767eee8,0x00000000d7680000)
  to   space 4096K, 0% used [0x00000000d6e80000,0x00000000d6e80000,0x00000000d7280000)
 ParOldGen       total 68608K, used 10913K [0x0000000080000000, 0x0000000084300000, 0x00000000d5580000)
  object space 68608K, 15% used [0x0000000080000000,0x0000000080aa84c8,0x0000000084300000)
 Metaspace       used 15293K, committed 15936K, reserved 1114112K
  class space    used 1614K, committed 1920K, reserved 1048576K
}
Event: 13.494 GC heap before
{Heap before GC invocations=5 (full 0):
 PSYoungGen      total 29696K, used 29691K [0x00000000d5580000, 0x00000000d7680000, 0x0000000100000000)
  eden space 25600K, 100% used [0x00000000d5580000,0x00000000d6e80000,0x00000000d6e80000)
  from space 4096K, 99% used [0x00000000d7280000,0x00000000d767eee8,0x00000000d7680000)
  to   space 4096K, 0% used [0x00000000d6e80000,0x00000000d6e80000,0x00000000d7280000)
 ParOldGen       total 68608K, used 10913K [0x0000000080000000, 0x0000000084300000, 0x00000000d5580000)
  object space 68608K, 15% used [0x0000000080000000,0x0000000080aa84c8,0x0000000084300000)
 Metaspace       used 18337K, committed 19072K, reserved 1114112K
  class space    used 1876K, committed 2176K, reserved 1048576K
}
Event: 13.503 GC heap after
{Heap after GC invocations=5 (full 0):
 PSYoungGen      total 29184K, used 4080K [0x00000000d5580000, 0x00000000d7e00000, 0x0000000100000000)
  eden space 25088K, 0% used [0x00000000d5580000,0x00000000d5580000,0x00000000d6e00000)
  from space 4096K, 99% used [0x00000000d6e80000,0x00000000d727c070,0x00000000d7280000)
  to   space 8192K, 0% used [0x00000000d7600000,0x00000000d7600000,0x00000000d7e00000)
 ParOldGen       total 68608K, used 11990K [0x0000000080000000, 0x0000000084300000, 0x00000000d5580000)
  object space 68608K, 17% used [0x0000000080000000,0x0000000080bb58c8,0x0000000084300000)
 Metaspace       used 18337K, committed 19072K, reserved 1114112K
  class space    used 1876K, committed 2176K, reserved 1048576K
}
Event: 14.786 GC heap before
{Heap before GC invocations=6 (full 0):
 PSYoungGen      total 29184K, used 17344K [0x00000000d5580000, 0x00000000d7e00000, 0x0000000100000000)
  eden space 25088K, 52% used [0x00000000d5580000,0x00000000d6274328,0x00000000d6e00000)
  from space 4096K, 99% used [0x00000000d6e80000,0x00000000d727c070,0x00000000d7280000)
  to   space 8192K, 0% used [0x00000000d7600000,0x00000000d7600000,0x00000000d7e00000)
 ParOldGen       total 68608K, used 11990K [0x0000000080000000, 0x0000000084300000, 0x00000000d5580000)
  object space 68608K, 17% used [0x0000000080000000,0x0000000080bb58c8,0x0000000084300000)
 Metaspace       used 20834K, committed 21504K, reserved 1114112K
  class space    used 2076K, committed 2368K, reserved 1048576K
}
Event: 14.796 GC heap after
{Heap after GC invocations=6 (full 0):
 PSYoungGen      total 29696K, used 4360K [0x00000000d5580000, 0x00000000d7a80000, 0x0000000100000000)
  eden space 25088K, 0% used [0x00000000d5580000,0x00000000d5580000,0x00000000d6e00000)
  from space 4608K, 94% used [0x00000000d7600000,0x00000000d7a420c0,0x00000000d7a80000)
  to   space 5120K, 0% used [0x00000000d7080000,0x00000000d7080000,0x00000000d7580000)
 ParOldGen       total 68608K, used 11990K [0x0000000080000000, 0x0000000084300000, 0x00000000d5580000)
  object space 68608K, 17% used [0x0000000080000000,0x0000000080bb58c8,0x0000000084300000)
 Metaspace       used 20834K, committed 21504K, reserved 1114112K
  class space    used 2076K, committed 2368K, reserved 1048576K
}
Event: 14.796 GC heap before
{Heap before GC invocations=7 (full 1):
 PSYoungGen      total 29696K, used 4360K [0x00000000d5580000, 0x00000000d7a80000, 0x0000000100000000)
  eden space 25088K, 0% used [0x00000000d5580000,0x00000000d5580000,0x00000000d6e00000)
  from space 4608K, 94% used [0x00000000d7600000,0x00000000d7a420c0,0x00000000d7a80000)
  to   space 5120K, 0% used [0x00000000d7080000,0x00000000d7080000,0x00000000d7580000)
 ParOldGen       total 68608K, used 11990K [0x0000000080000000, 0x0000000084300000, 0x00000000d5580000)
  object space 68608K, 17% used [0x0000000080000000,0x0000000080bb58c8,0x0000000084300000)
 Metaspace       used 20834K, committed 21504K, reserved 1114112K
  class space    used 2076K, committed 2368K, reserved 1048576K
}
Event: 14.858 GC heap after
{Heap after GC invocations=7 (full 1):
 PSYoungGen      total 29696K, used 0K [0x00000000d5580000, 0x00000000d7a80000, 0x0000000100000000)
  eden space 25088K, 0% used [0x00000000d5580000,0x00000000d5580000,0x00000000d6e00000)
  from space 4608K, 0% used [0x00000000d7600000,0x00000000d7600000,0x00000000d7a80000)
  to   space 5120K, 0% used [0x00000000d7080000,0x00000000d7080000,0x00000000d7580000)
 ParOldGen       total 68608K, used 15603K [0x0000000080000000, 0x0000000084300000, 0x00000000d5580000)
  object space 68608K, 22% used [0x0000000080000000,0x0000000080f3cef8,0x0000000084300000)
 Metaspace       used 20821K, committed 21504K, reserved 1114112K
  class space    used 2072K, committed 2368K, reserved 1048576K
}

Dll operation events (10 events):
Event: 0.062 Loaded shared library c:\Users\P.Monishraj\.antigravity-ide\extensions\redhat.java-1.55.0-win32-x64\jre\21.0.11-win32-x86_64\bin\java.dll
Event: 0.256 Loaded shared library c:\Users\P.Monishraj\.antigravity-ide\extensions\redhat.java-1.55.0-win32-x64\jre\21.0.11-win32-x86_64\bin\zip.dll
Event: 0.346 Loaded shared library C:\Users\P.Monishraj\.antigravity-ide\extensions\redhat.java-1.55.0-win32-x64\jre\21.0.11-win32-x86_64\bin\instrument.dll
Event: 0.360 Loaded shared library C:\Users\P.Monishraj\.antigravity-ide\extensions\redhat.java-1.55.0-win32-x64\jre\21.0.11-win32-x86_64\bin\net.dll
Event: 0.368 Loaded shared library C:\Users\P.Monishraj\.antigravity-ide\extensions\redhat.java-1.55.0-win32-x64\jre\21.0.11-win32-x86_64\bin\nio.dll
Event: 0.377 Loaded shared library C:\Users\P.Monishraj\.antigravity-ide\extensions\redhat.java-1.55.0-win32-x64\jre\21.0.11-win32-x86_64\bin\zip.dll
Event: 0.433 Loaded shared library C:\Users\P.Monishraj\.antigravity-ide\extensions\redhat.java-1.55.0-win32-x64\jre\21.0.11-win32-x86_64\bin\jimage.dll
Event: 0.787 Loaded shared library c:\Users\P.Monishraj\.antigravity-ide\extensions\redhat.java-1.55.0-win32-x64\jre\21.0.11-win32-x86_64\bin\verify.dll
Event: 5.845 Loaded shared library C:\Users\P.Monishraj\AppData\Roaming\Antigravity IDE\User\globalStorage\redhat.java\1.55.0\config_ss_win\org.eclipse.equinox.launcher\org.eclipse.equinox.launcher.win32.win32.x86_64_1.3.100.v20260613-0559\eclipse_11924.dll
Event: 11.920 Loaded shared library C:\Users\P.Monishraj\AppData\Local\Temp\jna--2071862101\jna12779993513051357921.dll

Deoptimization events (20 events):
Event: 13.342 Thread 0x0000019ae8e75910 Uncommon trap: trap_request=0xffffffde fr.pc=0x0000019a9983e044 relative=0x0000000000000384
Event: 13.342 Thread 0x0000019ae8e75910 Uncommon trap: reason=class_check action=maybe_recompile pc=0x0000019a9983e044 method=java.lang.String.<init>(Ljava/lang/AbstractStringBuilder;Ljava/lang/Void;)V @ 10 c2
Event: 13.342 Thread 0x0000019ae8e75910 DEOPT PACKING pc=0x0000019a9983e044 sp=0x00000080026f8400
Event: 13.342 Thread 0x0000019ae8e75910 DEOPT UNPACKING pc=0x0000019a991d3aa2 sp=0x00000080026f83d0 mode 2
Event: 13.342 Thread 0x0000019ae8e75910 Uncommon trap: trap_request=0xffffffde fr.pc=0x0000019a9983e044 relative=0x0000000000000384
Event: 13.342 Thread 0x0000019ae8e75910 Uncommon trap: reason=class_check action=maybe_recompile pc=0x0000019a9983e044 method=java.lang.String.<init>(Ljava/lang/AbstractStringBuilder;Ljava/lang/Void;)V @ 10 c2
Event: 13.342 Thread 0x0000019ae8e75910 DEOPT PACKING pc=0x0000019a9983e044 sp=0x00000080026f85a0
Event: 13.342 Thread 0x0000019ae8e75910 DEOPT UNPACKING pc=0x0000019a991d3aa2 sp=0x00000080026f8570 mode 2
Event: 14.762 Thread 0x0000019ae8e75910 Uncommon trap: trap_request=0xffffff45 fr.pc=0x0000019a9985d46c relative=0x000000000000014c
Event: 14.762 Thread 0x0000019ae8e75910 Uncommon trap: reason=unstable_if action=reinterpret pc=0x0000019a9985d46c method=org.lombokweb.asm.ByteVector.putByteArray([BII)Lorg/lombokweb/asm/ByteVector; @ 20 c2
Event: 14.762 Thread 0x0000019ae8e75910 DEOPT PACKING pc=0x0000019a9985d46c sp=0x00000080026f26b0
Event: 14.762 Thread 0x0000019ae8e75910 DEOPT UNPACKING pc=0x0000019a991d3aa2 sp=0x00000080026f2680 mode 2
Event: 15.025 Thread 0x0000019ae8e75910 Uncommon trap: trap_request=0xffffffde fr.pc=0x0000019a9983e044 relative=0x0000000000000384
Event: 15.025 Thread 0x0000019ae8e75910 Uncommon trap: reason=class_check action=maybe_recompile pc=0x0000019a9983e044 method=java.lang.String.<init>(Ljava/lang/AbstractStringBuilder;Ljava/lang/Void;)V @ 10 c2
Event: 15.025 Thread 0x0000019ae8e75910 DEOPT PACKING pc=0x0000019a9983e044 sp=0x00000080026f93b0
Event: 15.025 Thread 0x0000019ae8e75910 DEOPT UNPACKING pc=0x0000019a991d3aa2 sp=0x00000080026f9380 mode 2
Event: 15.026 Thread 0x0000019ae8e75910 Uncommon trap: trap_request=0xffffffde fr.pc=0x0000019a9983e044 relative=0x0000000000000384
Event: 15.026 Thread 0x0000019ae8e75910 Uncommon trap: reason=class_check action=maybe_recompile pc=0x0000019a9983e044 method=java.lang.String.<init>(Ljava/lang/AbstractStringBuilder;Ljava/lang/Void;)V @ 10 c2
Event: 15.026 Thread 0x0000019ae8e75910 DEOPT PACKING pc=0x0000019a9983e044 sp=0x00000080026f9550
Event: 15.026 Thread 0x0000019ae8e75910 DEOPT UNPACKING pc=0x0000019a991d3aa2 sp=0x00000080026f9520 mode 2

Classes loaded (20 events):
Event: 13.279 Loading class java/util/zip/GZIPInputStream
Event: 13.280 Loading class java/util/zip/GZIPInputStream done
Event: 13.283 Loading class java/io/StringReader
Event: 13.283 Loading class java/io/StringReader done
Event: 13.296 Loading class java/net/SocketTimeoutException
Event: 13.296 Loading class java/io/InterruptedIOException
Event: 13.296 Loading class java/io/InterruptedIOException done
Event: 13.297 Loading class java/net/SocketTimeoutException done
Event: 13.297 Loading class java/net/SocketException
Event: 13.297 Loading class java/net/SocketException done
Event: 13.297 Loading class java/net/UnknownHostException
Event: 13.297 Loading class java/net/UnknownHostException done
Event: 13.297 Loading class java/net/ProtocolException
Event: 13.297 Loading class java/net/ProtocolException done
Event: 13.352 Loading class java/lang/ThreadLocal$SuppliedThreadLocal
Event: 13.353 Loading class java/lang/ThreadLocal$SuppliedThreadLocal done
Event: 13.375 Loading class java/io/FileWriter
Event: 13.375 Loading class java/io/FileWriter done
Event: 13.447 Loading class java/lang/NegativeArraySizeException
Event: 13.447 Loading class java/lang/NegativeArraySizeException done

Classes unloaded (7 events):
Event: 14.808 Thread 0x0000019a8eaf1820 Unloading class 0x0000019aa7191400 'java/lang/invoke/LambdaForm$MH+0x0000019aa7191400'
Event: 14.808 Thread 0x0000019a8eaf1820 Unloading class 0x0000019aa7191000 'java/lang/invoke/LambdaForm$MH+0x0000019aa7191000'
Event: 14.808 Thread 0x0000019a8eaf1820 Unloading class 0x0000019aa7190c00 'java/lang/invoke/LambdaForm$MH+0x0000019aa7190c00'
Event: 14.808 Thread 0x0000019a8eaf1820 Unloading class 0x0000019aa7190800 'java/lang/invoke/LambdaForm$MH+0x0000019aa7190800'
Event: 14.808 Thread 0x0000019a8eaf1820 Unloading class 0x0000019aa7190400 'java/lang/invoke/LambdaForm$BMH+0x0000019aa7190400'
Event: 14.808 Thread 0x0000019a8eaf1820 Unloading class 0x0000019aa7190000 'java/lang/invoke/LambdaForm$DMH+0x0000019aa7190000'
Event: 14.808 Thread 0x0000019a8eaf1820 Unloading class 0x0000019aa718ec00 'java/lang/invoke/LambdaForm$DMH+0x0000019aa718ec00'

Classes redefined (0 events):
No events

Internal exceptions (20 events):
Event: 12.000 Thread 0x0000019ae8e75910 Exception <a 'java/lang/NoSuchMethodError'{0x00000000d570bb68}: 'void java.lang.invoke.Invokers$Holder.invokeExact_MT(java.lang.Object, java.lang.Object, int, java.lang.Object)'> (0x00000000d570bb68) 
thrown [s\src\hotspot\share\interpreter\linkResolver.cpp, line 773]
Event: 12.022 Thread 0x0000019ae8e75910 Exception <a 'java/lang/NoSuchMethodError'{0x00000000d580a260}: 'java.lang.Object java.lang.invoke.DirectMethodHandle$Holder.invokeSpecial(java.lang.Object, java.lang.Object, java.lang.Object, long, java.lang.Object)'> (0x00000000d580a260) 
thrown [s\src\hotspot\share\interpreter\linkResolver.cpp, line 773]
Event: 12.023 Thread 0x0000019ae8e75910 Exception <a 'java/lang/NoSuchMethodError'{0x00000000d5811aa8}: 'java.lang.Object java.lang.invoke.DirectMethodHandle$Holder.newInvokeSpecial(java.lang.Object, java.lang.Object, java.lang.Object, long)'> (0x00000000d5811aa8) 
thrown [s\src\hotspot\share\interpreter\linkResolver.cpp, line 773]
Event: 12.023 Thread 0x0000019ae8e75910 Exception <a 'java/lang/NoSuchMethodError'{0x00000000d5815e58}: 'java.lang.Object java.lang.invoke.DirectMethodHandle$Holder.invokeSpecial(java.lang.Object, java.lang.Object, java.lang.Object, java.lang.Object, long)'> (0x00000000d5815e58) 
thrown [s\src\hotspot\share\interpreter\linkResolver.cpp, line 773]
Event: 12.023 Thread 0x0000019ae8e75910 Exception <a 'java/lang/NoSuchMethodError'{0x00000000d5819a78}: 'java.lang.Object java.lang.invoke.Invokers$Holder.linkToTargetMethod(java.lang.Object, java.lang.Object, long, java.lang.Object)'> (0x00000000d5819a78) 
thrown [s\src\hotspot\share\interpreter\linkResolver.cpp, line 773]
Event: 12.039 Thread 0x0000019ae8e75910 Exception <a 'java/lang/NoSuchMethodError'{0x00000000d588bb40}: 'int java.lang.invoke.DirectMethodHandle$Holder.invokeStaticInit(java.lang.Object, java.lang.Object, java.lang.Object)'> (0x00000000d588bb40) 
thrown [s\src\hotspot\share\interpreter\linkResolver.cpp, line 773]
Event: 12.055 Thread 0x0000019ae8e75910 Exception <a 'java/lang/IncompatibleClassChangeError'{0x00000000d5920130}: Found class java.lang.Object, but interface was expected> (0x00000000d5920130) 
thrown [s\src\hotspot\share\interpreter\linkResolver.cpp, line 840]
Event: 12.066 Thread 0x0000019ae8e75910 Exception <a 'java/lang/NoSuchMethodError'{0x00000000d5937e88}: 'java.lang.Object java.lang.invoke.DirectMethodHandle$Holder.invokeSpecial(java.lang.Object, java.lang.Object, java.lang.Object, int, java.lang.Object, java.lang.Object)'> (0x00000000d5937e88) 
thrown [s\src\hotspot\share\interpreter\linkResolver.cpp, line 773]
Event: 12.067 Thread 0x0000019ae8e75910 Exception <a 'java/lang/NoSuchMethodError'{0x00000000d593f960}: 'java.lang.Object java.lang.invoke.DirectMethodHandle$Holder.newInvokeSpecial(java.lang.Object, java.lang.Object, java.lang.Object, int, java.lang.Object)'> (0x00000000d593f960) 
thrown [s\src\hotspot\share\interpreter\linkResolver.cpp, line 773]
Event: 12.068 Thread 0x0000019ae8e75910 Exception <a 'java/lang/NoSuchMethodError'{0x00000000d59438e0}: 'java.lang.Object java.lang.invoke.DirectMethodHandle$Holder.invokeSpecial(java.lang.Object, java.lang.Object, java.lang.Object, java.lang.Object, int, java.lang.Object)'> (0x00000000d59438e0) 
thrown [s\src\hotspot\share\interpreter\linkResolver.cpp, line 773]
Event: 12.068 Thread 0x0000019ae8e75910 Exception <a 'java/lang/NoSuchMethodError'{0x00000000d5947420}: 'java.lang.Object java.lang.invoke.Invokers$Holder.linkToTargetMethod(java.lang.Object, java.lang.Object, int, java.lang.Object, java.lang.Object)'> (0x00000000d5947420) 
thrown [s\src\hotspot\share\interpreter\linkResolver.cpp, line 773]
Event: 12.069 Thread 0x0000019ae79225f0 Exception <a 'java/lang/NoSuchMethodError'{0x00000000d586dd90}: 'java.lang.Object java.lang.invoke.DirectMethodHandle$Holder.invokeSpecial(java.lang.Object, java.lang.Object, int, java.lang.Object, java.lang.Object)'> (0x00000000d586dd90) 
thrown [s\src\hotspot\share\interpreter\linkResolver.cpp, line 773]
Event: 12.070 Thread 0x0000019ae79225f0 Exception <a 'java/lang/NoSuchMethodError'{0x00000000d5874ac8}: 'java.lang.Object java.lang.invoke.DirectMethodHandle$Holder.newInvokeSpecial(java.lang.Object, java.lang.Object, int, java.lang.Object)'> (0x00000000d5874ac8) 
thrown [s\src\hotspot\share\interpreter\linkResolver.cpp, line 773]
Event: 12.071 Thread 0x0000019ae79225f0 Exception <a 'java/lang/NoSuchMethodError'{0x00000000d58783a8}: 'java.lang.Object java.lang.invoke.DirectMethodHandle$Holder.invokeSpecial(java.lang.Object, java.lang.Object, java.lang.Object, int, java.lang.Object)'> (0x00000000d58783a8) 
thrown [s\src\hotspot\share\interpreter\linkResolver.cpp, line 773]
Event: 12.132 Thread 0x0000019ae8e75910 Exception <a 'java/lang/NoSuchMethodError'{0x00000000d5a655f8}: 'void java.lang.invoke.DirectMethodHandle$Holder.invokeSpecial(java.lang.Object, java.lang.Object, java.lang.Object, java.lang.Object, java.lang.Object)'> (0x00000000d5a655f8) 
thrown [s\src\hotspot\share\interpreter\linkResolver.cpp, line 773]
Event: 13.228 Thread 0x0000019ae8e75910 Exception <a 'java/lang/NoSuchMethodError'{0x00000000d5d342b0}: 'double java.lang.invoke.DirectMethodHandle$Holder.invokeStatic(java.lang.Object, java.lang.Object)'> (0x00000000d5d342b0) 
thrown [s\src\hotspot\share\interpreter\linkResolver.cpp, line 773]
Event: 13.229 Thread 0x0000019ae8e75910 Exception <a 'java/lang/NoSuchMethodError'{0x00000000d5d37970}: 'double java.lang.invoke.DirectMethodHandle$Holder.invokeStaticInit(java.lang.Object, java.lang.Object)'> (0x00000000d5d37970) 
thrown [s\src\hotspot\share\interpreter\linkResolver.cpp, line 773]
Event: 14.762 Thread 0x0000019ae8e75910 Implicit null exception at 0x0000019a9985d375 to 0x0000019a9985d450
Event: 15.028 Thread 0x0000019ae8e75910 Exception <a 'java/io/FileNotFoundException'{0x00000000d684a4d8}> (0x00000000d684a4d8) 
thrown [s\src\hotspot\share\prims\jni.cpp, line 520]
Event: 15.028 Thread 0x0000019ae8e75910 Exception <a 'java/io/FileNotFoundException'{0x00000000d684b540}> (0x00000000d684b540) 
thrown [s\src\hotspot\share\prims\jni.cpp, line 520]

ZGC Phase Switch (0 events):
No events

VM Operations (20 events):
Event: 8.690 Executing non-safepoint VM operation: HandshakeAllThreads (Deoptimize)
Event: 8.690 Executing non-safepoint VM operation: HandshakeAllThreads (Deoptimize) done
Event: 9.692 Executing safepoint VM operation: Cleanup
Event: 9.692 Executing safepoint VM operation: Cleanup done
Event: 11.935 Executing non-safepoint VM operation: HandshakeAllThreads (Deoptimize)
Event: 11.935 Executing non-safepoint VM operation: HandshakeAllThreads (Deoptimize) done
Event: 11.935 Executing safepoint VM operation: Cleanup
Event: 11.935 Executing safepoint VM operation: Cleanup done
Event: 11.951 Executing safepoint VM operation: ParallelGCFailedAllocation (Allocation Failure)
Event: 11.962 Executing safepoint VM operation: ParallelGCFailedAllocation (Allocation Failure) done
Event: 12.965 Executing safepoint VM operation: Cleanup
Event: 12.965 Executing safepoint VM operation: Cleanup done
Event: 13.493 Executing safepoint VM operation: ParallelGCFailedAllocation (Allocation Failure)
Event: 13.503 Executing safepoint VM operation: ParallelGCFailedAllocation (Allocation Failure) done
Event: 14.506 Executing safepoint VM operation: Cleanup
Event: 14.506 Executing safepoint VM operation: Cleanup done
Event: 14.786 Executing safepoint VM operation: CollectForMetadataAllocation (Metadata GC Threshold)
Event: 14.858 Executing safepoint VM operation: CollectForMetadataAllocation (Metadata GC Threshold) done
Event: 15.862 Executing safepoint VM operation: Cleanup
Event: 15.862 Executing safepoint VM operation: Cleanup done

Memory protections (0 events):
No events

Nmethod flushes (0 events):
No events

Events (19 events):
Event: 0.109 Thread 0x0000019a8c6ca4c0 Thread added: 0x0000019a8c6ca4c0
Event: 0.152 Thread 0x0000019a8c6ca4c0 Thread added: 0x0000019a8e9fda40
Event: 0.153 Thread 0x0000019a8c6ca4c0 Thread added: 0x0000019a8eaf5b10
Event: 0.154 Thread 0x0000019a8c6ca4c0 Thread added: 0x0000019a8eaf7dc0
Event: 0.155 Thread 0x0000019a8c6ca4c0 Thread added: 0x0000019a8eaf9df0
Event: 0.155 Thread 0x0000019a8c6ca4c0 Thread added: 0x0000019a8eafa850
Event: 0.155 Thread 0x0000019a8c6ca4c0 Thread added: 0x0000019a8eaff2c0
Event: 0.155 Thread 0x0000019a8c6ca4c0 Thread added: 0x0000019a8eb01110
Event: 0.156 Thread 0x0000019a8c6ca4c0 Thread added: 0x0000019a8eb0def0
Event: 0.350 Thread 0x0000019a8c6ca4c0 Thread added: 0x0000019ae7962300
Event: 1.321 Thread 0x0000019a8c6ca4c0 Thread added: 0x0000019ae7aecd80
Event: 5.128 Thread 0x0000019a8c6ca4c0 Thread added: 0x0000019ae8e644d0
Event: 5.814 Thread 0x0000019a8c6ca4c0 Thread added: 0x0000019ae8da4f10
Event: 5.826 Thread 0x0000019a8c6ca4c0 Thread added: 0x0000019ae8e75910
Event: 5.931 Thread 0x0000019ae8e75910 Thread added: 0x0000019ae8d94e40
Event: 6.611 Thread 0x0000019ae8e75910 Thread added: 0x0000019ae7b05710
Event: 11.977 Thread 0x0000019ae8e75910 Thread added: 0x0000019ae88ce020
Event: 12.030 Thread 0x0000019ae8e75910 Thread added: 0x0000019ae79225f0
Event: 12.070 Thread 0x0000019ae8e75910 Thread added: 0x0000019ae78551f0


Dynamic libraries:
0x00007ff7bdde0000 - 0x00007ff7bddee000 	c:\Users\P.Monishraj\.antigravity-ide\extensions\redhat.java-1.55.0-win32-x64\jre\21.0.11-win32-x86_64\bin\java.exe
0x00007ffd4ba80000 - 0x00007ffd4bce6000 	C:\WINDOWS\SYSTEM32\ntdll.dll
0x00007ffd4a5c0000 - 0x00007ffd4a689000 	C:\WINDOWS\System32\KERNEL32.DLL
0x00007ffd48e40000 - 0x00007ffd49240000 	C:\WINDOWS\System32\KERNELBASE.dll
0x00007ffd49590000 - 0x00007ffd496dc000 	C:\WINDOWS\System32\ucrtbase.dll
0x00007ffd2a180000 - 0x00007ffd2a19e000 	c:\Users\P.Monishraj\.antigravity-ide\extensions\redhat.java-1.55.0-win32-x64\jre\21.0.11-win32-x86_64\bin\VCRUNTIME140.dll
0x00007ffd2a160000 - 0x00007ffd2a178000 	c:\Users\P.Monishraj\.antigravity-ide\extensions\redhat.java-1.55.0-win32-x64\jre\21.0.11-win32-x86_64\bin\jli.dll
0x00007ffd4b800000 - 0x00007ffd4b9c7000 	C:\WINDOWS\System32\USER32.dll
0x00007ffd48ca0000 - 0x00007ffd48cc7000 	C:\WINDOWS\System32\win32u.dll
0x00007ffd2c750000 - 0x00007ffd2c9e2000 	C:\WINDOWS\WinSxS\amd64_microsoft.windows.common-controls_6595b64144ccf1df_6.0.26100.8737_none_3e092eaee333b772\COMCTL32.dll
0x00007ffd499b0000 - 0x00007ffd49a59000 	C:\WINDOWS\System32\msvcrt.dll
0x00007ffd4ba10000 - 0x00007ffd4ba3b000 	C:\WINDOWS\System32\GDI32.dll
0x00007ffd492e0000 - 0x00007ffd49409000 	C:\WINDOWS\System32\gdi32full.dll
0x00007ffd48cd0000 - 0x00007ffd48d73000 	C:\WINDOWS\System32\msvcp_win.dll
0x00007ffd4b9d0000 - 0x00007ffd4ba02000 	C:\WINDOWS\System32\IMM32.DLL
0x00007ffd40860000 - 0x00007ffd4086c000 	c:\Users\P.Monishraj\.antigravity-ide\extensions\redhat.java-1.55.0-win32-x64\jre\21.0.11-win32-x86_64\bin\vcruntime140_1.dll
0x00007ffd205b0000 - 0x00007ffd2063d000 	c:\Users\P.Monishraj\.antigravity-ide\extensions\redhat.java-1.55.0-win32-x64\jre\21.0.11-win32-x86_64\bin\msvcp140.dll
0x00007ffccda70000 - 0x00007ffcce812000 	c:\Users\P.Monishraj\.antigravity-ide\extensions\redhat.java-1.55.0-win32-x64\jre\21.0.11-win32-x86_64\bin\server\jvm.dll
0x00007ffd49a90000 - 0x00007ffd49b47000 	C:\WINDOWS\System32\ADVAPI32.dll
0x00007ffd49870000 - 0x00007ffd4991a000 	C:\WINDOWS\System32\sechost.dll
0x00007ffd4abb0000 - 0x00007ffd4acc8000 	C:\WINDOWS\System32\RPCRT4.dll
0x00007ffd4a250000 - 0x00007ffd4a2d0000 	C:\WINDOWS\System32\WS2_32.dll
0x00007ffd48b00000 - 0x00007ffd48b5e000 	C:\WINDOWS\SYSTEM32\POWRPROF.dll
0x00007ffd46260000 - 0x00007ffd46296000 	C:\WINDOWS\SYSTEM32\WINMM.dll
0x00007ffd2d150000 - 0x00007ffd2d15b000 	C:\WINDOWS\SYSTEM32\VERSION.dll
0x00007ffd48ae0000 - 0x00007ffd48af4000 	C:\WINDOWS\SYSTEM32\UMPDC.dll
0x00007ffd47980000 - 0x00007ffd4799b000 	C:\WINDOWS\SYSTEM32\kernel.appcore.dll
0x00007ffd33c60000 - 0x00007ffd33c6a000 	c:\Users\P.Monishraj\.antigravity-ide\extensions\redhat.java-1.55.0-win32-x64\jre\21.0.11-win32-x86_64\bin\jimage.dll
0x00007ffd45f80000 - 0x00007ffd461c2000 	C:\WINDOWS\SYSTEM32\DBGHELP.DLL
0x00007ffd4b470000 - 0x00007ffd4b7f3000 	C:\WINDOWS\System32\combase.dll
0x00007ffd4a690000 - 0x00007ffd4a769000 	C:\WINDOWS\System32\OLEAUT32.dll
0x00007ffd46220000 - 0x00007ffd4625b000 	C:\WINDOWS\SYSTEM32\dbgcore.DLL
0x00007ffd496f0000 - 0x00007ffd4979c000 	C:\WINDOWS\System32\bcryptPrimitives.dll
0x00007ffd2b250000 - 0x00007ffd2b25f000 	c:\Users\P.Monishraj\.antigravity-ide\extensions\redhat.java-1.55.0-win32-x64\jre\21.0.11-win32-x86_64\bin\instrument.dll
0x00007ffd2a140000 - 0x00007ffd2a160000 	c:\Users\P.Monishraj\.antigravity-ide\extensions\redhat.java-1.55.0-win32-x64\jre\21.0.11-win32-x86_64\bin\java.dll
0x00007ffd4acd0000 - 0x00007ffd4b462000 	C:\WINDOWS\System32\SHELL32.dll
0x00007ffd46720000 - 0x00007ffd46fb2000 	C:\WINDOWS\SYSTEM32\windows.storage.dll
0x00007ffd4a770000 - 0x00007ffd4a867000 	C:\WINDOWS\System32\SHCORE.dll
0x00007ffd4a550000 - 0x00007ffd4a5b7000 	C:\WINDOWS\System32\shlwapi.dll
0x00007ffd48bc0000 - 0x00007ffd48be9000 	C:\WINDOWS\SYSTEM32\profapi.dll
0x00007ffd2a0a0000 - 0x00007ffd2a0b8000 	c:\Users\P.Monishraj\.antigravity-ide\extensions\redhat.java-1.55.0-win32-x64\jre\21.0.11-win32-x86_64\bin\zip.dll
0x00007ffd2b070000 - 0x00007ffd2b080000 	C:\Users\P.Monishraj\.antigravity-ide\extensions\redhat.java-1.55.0-win32-x64\jre\21.0.11-win32-x86_64\bin\net.dll
0x00007ffd3de90000 - 0x00007ffd3dfb9000 	C:\WINDOWS\SYSTEM32\WINHTTP.dll
0x00007ffd47f30000 - 0x00007ffd47f9c000 	C:\WINDOWS\system32\mswsock.dll
0x00007ffd2a080000 - 0x00007ffd2a096000 	C:\Users\P.Monishraj\.antigravity-ide\extensions\redhat.java-1.55.0-win32-x64\jre\21.0.11-win32-x86_64\bin\nio.dll
0x00007ffd2afe0000 - 0x00007ffd2aff0000 	c:\Users\P.Monishraj\.antigravity-ide\extensions\redhat.java-1.55.0-win32-x64\jre\21.0.11-win32-x86_64\bin\verify.dll
0x00007ffd0fb70000 - 0x00007ffd0fbb5000 	C:\Users\P.Monishraj\AppData\Roaming\Antigravity IDE\User\globalStorage\redhat.java\1.55.0\config_ss_win\org.eclipse.equinox.launcher\org.eclipse.equinox.launcher.win32.win32.x86_64_1.3.100.v20260613-0559\eclipse_11924.dll
0x00007ffd4a870000 - 0x00007ffd4aa09000 	C:\WINDOWS\System32\ole32.dll
0x00007ffd48230000 - 0x00007ffd4824b000 	C:\WINDOWS\SYSTEM32\CRYPTSP.dll
0x00007ffd478e0000 - 0x00007ffd47919000 	C:\WINDOWS\system32\rsaenh.dll
0x00007ffd47ff0000 - 0x00007ffd48022000 	C:\WINDOWS\SYSTEM32\USERENV.dll
0x00007ffd48b90000 - 0x00007ffd48bba000 	C:\WINDOWS\SYSTEM32\bcrypt.dll
0x00007ffd48250000 - 0x00007ffd4825c000 	C:\WINDOWS\SYSTEM32\CRYPTBASE.dll
0x00007ffd473c0000 - 0x00007ffd473f3000 	C:\WINDOWS\SYSTEM32\IPHLPAPI.DLL
0x00007ffd49b50000 - 0x00007ffd49b5a000 	C:\WINDOWS\System32\NSI.dll
0x00007ffd0efc0000 - 0x00007ffd0f009000 	C:\Users\P.Monishraj\AppData\Local\Temp\jna--2071862101\jna12779993513051357921.dll
0x00007ffd4a1d0000 - 0x00007ffd4a1d8000 	C:\WINDOWS\System32\PSAPI.DLL

JVMTI agents:
c:\Users\P.Monishraj\.antigravity-ide\extensions\redhat.java-1.55.0-win32-x64\lombok\lombok-1.18.39-4050.jar path:c:\Users\P.Monishraj\.antigravity-ide\extensions\redhat.java-1.55.0-win32-x64\jre\21.0.11-win32-x86_64\bin\instrument.dll, loaded, initialized, instrumentlib options:none

dbghelp: loaded successfully - version: 4.0.5 - missing functions: none
symbol engine: initialized successfully - sym options: 0x614 - pdb path: .;c:\Users\P.Monishraj\.antigravity-ide\extensions\redhat.java-1.55.0-win32-x64\jre\21.0.11-win32-x86_64\bin;C:\WINDOWS\SYSTEM32;C:\WINDOWS\WinSxS\amd64_microsoft.windows.common-controls_6595b64144ccf1df_6.0.26100.8737_none_3e092eaee333b772;c:\Users\P.Monishraj\.antigravity-ide\extensions\redhat.java-1.55.0-win32-x64\jre\21.0.11-win32-x86_64\bin\server;C:\Users\P.Monishraj\AppData\Roaming\Antigravity IDE\User\globalStorage\redhat.java\1.55.0\config_ss_win\org.eclipse.equinox.launcher\org.eclipse.equinox.launcher.win32.win32.x86_64_1.3.100.v20260613-0559;C:\Users\P.Monishraj\AppData\Local\Temp\jna--2071862101

VM Arguments:
jvm_args: --add-modules=ALL-SYSTEM --add-opens=java.base/java.util=ALL-UNNAMED --add-opens=java.base/java.lang=ALL-UNNAMED --add-opens=java.base/sun.nio.fs=ALL-UNNAMED -Declipse.application=org.eclipse.jdt.ls.core.id1 -Dosgi.bundles.defaultStartLevel=4 -Declipse.product=org.eclipse.jdt.ls.core.product -Djava.import.generatesMetadataFilesAtProjectRoot=false -DDetectVMInstallationsJob.disabled=true -Dfile.encoding=utf8 -XX:+UseParallelGC -XX:GCTimeRatio=4 -XX:AdaptiveSizePolicyWeight=90 -Dsun.zip.disableMemoryMapping=true -Xmx2G -Xms100m -Xlog:disable -javaagent:c:\Users\P.Monishraj\.antigravity-ide\extensions\redhat.java-1.55.0-win32-x64\lombok\lombok-1.18.39-4050.jar 
java_command: c:\Users\P.Monishraj\.antigravity-ide\extensions\redhat.java-1.55.0-win32-x64\server\plugins\org.eclipse.equinox.launcher_1.7.200.v20260619-2039.jar -configuration c:\Users\P.Monishraj\AppData\Roaming\Antigravity IDE\User\globalStorage\redhat.java\1.55.0\config_ss_win -data c:\Users\P.Monishraj\AppData\Roaming\Antigravity IDE\User\workspaceStorage\543231363e8e1b09bb86b2dc14ea84b5\redhat.java\ss_ws --pipe=\\.\pipe\lsp-44220308b28f390e2d664e1684ba06e3-sock
java_class_path (initial): c:\Users\P.Monishraj\.antigravity-ide\extensions\redhat.java-1.55.0-win32-x64\server\plugins\org.eclipse.equinox.launcher_1.7.200.v20260619-2039.jar
Launcher Type: SUN_STANDARD

[Global flags]
    uintx AdaptiveSizePolicyWeight                 = 90                                        {product} {command line}
     intx CICompilerCount                          = 4                                         {product} {ergonomic}
    uintx GCTimeRatio                              = 4                                         {product} {command line}
   size_t InitialHeapSize                          = 104857600                                 {product} {command line}
   size_t MaxHeapSize                              = 2147483648                                {product} {command line}
   size_t MaxNewSize                               = 715653120                                 {product} {ergonomic}
   size_t MinHeapDeltaBytes                        = 524288                                    {product} {ergonomic}
   size_t MinHeapSize                              = 104857600                                 {product} {command line}
   size_t NewSize                                  = 34603008                                  {product} {ergonomic}
    uintx NonNMethodCodeHeapSize                   = 5839372                                {pd product} {ergonomic}
    uintx NonProfiledCodeHeapSize                  = 122909434                              {pd product} {ergonomic}
   size_t OldSize                                  = 70254592                                  {product} {ergonomic}
    uintx ProfiledCodeHeapSize                     = 122909434                              {pd product} {ergonomic}
    uintx ReservedCodeCacheSize                    = 251658240                              {pd product} {ergonomic}
     bool SegmentedCodeCache                       = true                                      {product} {ergonomic}
   size_t SoftMaxHeapSize                          = 2147483648                             {manageable} {ergonomic}
     bool UseCompressedOops                        = true                           {product lp64_product} {ergonomic}
     bool UseLargePagesIndividualAllocation        = false                                  {pd product} {ergonomic}
     bool UseParallelGC                            = true                                      {product} {command line}

Logging:
Log output configuration:
 #0: stdout all=off uptime,level,tags foldmultilines=false
 #1: stderr all=off uptime,level,tags foldmultilines=false

Release file:
JAVA_VERSION="21.0.11" 
MODULES="java.base java.compiler java.datatransfer java.xml java.prefs java.desktop java.instrument java.logging java.management java.security.sasl java.naming java.rmi java.management.rmi java.net.http java.scripting java.security.jgss java.transaction.xa java.sql java.sql.rowset java.xml.crypto java.se java.smartcardio jdk.accessibility jdk.internal.jvmstat jdk.attach jdk.charsets jdk.internal.opt jdk.zipfs jdk.compiler jdk.crypto.ec jdk.crypto.cryptoki jdk.crypto.mscapi jdk.dynalink jdk.internal.ed jdk.editpad jdk.hotspot.agent jdk.httpserver jdk.internal.le jdk.internal.vm.ci jdk.internal.vm.compiler jdk.internal.vm.compiler.management jdk.jartool jdk.javadoc jdk.jcmd jdk.management jdk.management.agent jdk.jconsole jdk.jdeps jdk.jdwp.agent jdk.jdi jdk.jfr jdk.jshell jdk.jsobject jdk.jstatd jdk.localedata jdk.management.jfr jdk.naming.dns jdk.naming.rmi jdk.net jdk.nio.mapmode jdk.random jdk.sctp jdk.security.auth jdk.security.jgss jdk.unsupported jdk.unsupported.desktop jdk.xml.dom" 

Environment Variables:
JAVA_HOME=C:\Program Files\Java\jdk-21.0.10
PATH=C:\Program Files\Common Files\Oracle\Java\javapath;C:\Program Files (x86)\Common Files\Oracle\Java\java8path;C:\Program Files (x86)\Common Files\Oracle\Java\javapath;C:\WINDOWS\system32;C:\WINDOWS;C:\WINDOWS\System32\Wbem;C:\WINDOWS\System32\WindowsPowerShell\v1.0\;C:\WINDOWS\System32\OpenSSH\;C:\Program Files\dotnet\;C:\MinGW\bin;C:\Program Files\Git\cmd;C:\Users\P.Monishraj\AppData\Local\Packages\PythonSoftwareFoundation.Python.3.11_qbz5n2kfra8p0\LocalCache\local-packages\Python311\site-packages;C:\Users\P.Monishraj\AppData\Local\Programs\Python\Python 3.11.9\Scripts;C:\Program Files (x86)\Windows Kits\10\Windows Performance Toolkit\;C:\Program Files\nodejs\;C:\Program Files\MySQL\MySQL Server 8.0\bin;C:\Program Files\Java\jdk-21.0.10\bin;C:\Program Files\PostgreSQL\18\bin;C:\Users\P.Monishraj\Downloads\apache-maven-3.9.12-bin\apache-maven-3.9.12\bin;;C:\Program Files (x86)\Microsoft SQL Server\160\Tools\Binn\;C:\Program Files\Microsoft SQL Server\160\Tools\Binn\;C:\Program Files\Microsoft SQL Server\Client SDK\ODBC\170\Tools\Binn\;C:\Program Files\Microsoft SQL Server\160\DTS\Binn\;C:\Program Files\Cloudflare\Cloudflare WARP\;C:\Program Files\Docker\Docker\resources\bin;C:\Program Files\MySQL\MySQL Shell 8.0\bin\;C:\Users\P.Monishraj\AppData\Local\Programs\Python\Python312\Scripts\;C:\Users\P.Monishraj\AppData\Local\Programs\Python\Python312\;C:\Users\P.Monishraj\AppData\Local\Programs\Python\Python310\Scripts\;C:\Users\P.Monishraj\AppData\Local\Programs\Python\Python310\;C:\Users\P.Monishraj\AppData\Local\Programs\Python\Python313\Scripts\;C:\Users\P.Monishraj\AppData\Local\Programs\Python\Python313\;C:\Users\P.Monishraj\AppData\Local\Programs\Python\Launcher\;C:\Users\P.Monishraj\AppData\Local\Microsoft\WindowsApps;C:\Users\P.Monishraj\AppData\Local\Programs\Microsoft VS Code\bin;C:\Users\P.Monishraj\.dotnet\tools;C:\Users\P.Monishraj\AppData\Local\Programs\cursor\resources\app\bin;C:\Users\P.Monishraj\AppData\Roaming\npm;C:\Users\P.Monishraj\AppData\Local\Programs\Antigravity IDE\bin
USERNAME=P.Monishraj
OS=Windows_NT
PROCESSOR_IDENTIFIER=Intel64 Family 6 Model 154 Stepping 4, GenuineIntel
TMP=C:\Users\P.Monishraj\AppData\Local\Temp
TEMP=C:\Users\P.Monishraj\AppData\Local\Temp




Periodic native trim disabled

---------------  S Y S T E M  ---------------

OS:
 Windows 11 , 64 bit Build 26100 (10.0.26100.8737)
OS uptime: 6 days 7:40 hours
Hyper-V role detected

CPU: total 12 (initial active 12) (6 cores per cpu, 2 threads per core) family 6 model 154 stepping 4 microcode 0x43b, cx8, cmov, fxsr, ht, mmx, 3dnowpref, sse, sse2, sse3, ssse3, sse4.1, sse4.2, popcnt, lzcnt, tsc, tscinvbit, avx, avx2, aes, erms, clmul, bmi1, bmi2, adx, sha, fma, vzeroupper, clflush, clflushopt, clwb, hv, serialize, rdtscp, rdpid, fsrm, f16c, cet_ibt, cet_ss
Processor Information for the first 12 processors :
  Max Mhz: 1300, Current Mhz: 1300, Mhz Limit: 1300

Memory: 4k page, system-wide physical 7876M (239M free)
TotalPageFile size 32452M (AvailPageFile size 0M)
current process WorkingSet (physical memory assigned to process): 155M, peak: 155M
current process commit charge ("private bytes"): 287M, peak: 288M

vm_info: OpenJDK 64-Bit Server VM (21.0.11+10-LTS) for windows-amd64 JRE (21.0.11+10-LTS), built on 2026-04-21T00:00:00Z by "admin" with MS VC++ 17.12 (VS2022)

END.
