[INFO] Scanning for projects...
[INFO] 
[INFO] ---------------------< com.connect:TansitConnect >----------------------
[INFO] Building TansitConnect 0.0.1-SNAPSHOT
[INFO]   from pom.xml
[INFO] --------------------------------[ jar ]---------------------------------
[INFO] 
[INFO] --- resources:3.3.1:resources (default-resources) @ TansitConnect ---
[INFO] Copying 1 resource from src\main\resources to target\classes
[INFO] Copying 0 resource from src\main\resources to target\classes
[INFO] 
[INFO] --- compiler:3.14.1:compile (default-compile) @ TansitConnect ---
[INFO] Nothing to compile - all classes are up to date.
[INFO] 
[INFO] --- resources:3.3.1:testResources (default-testResources) @ TansitConnect ---
[INFO] skip non existing resourceDirectory C:\Users\P.Monishraj\Downloads\TansitConnect\backend\src\test\resources
[INFO] 
[INFO] --- compiler:3.14.1:testCompile (default-testCompile) @ TansitConnect ---
[INFO] Nothing to compile - all classes are up to date.
[INFO] ------------------------------------------------------------------------
[INFO] BUILD SUCCESS
[INFO] ------------------------------------------------------------------------
[INFO] Total time:  4.084 s
[INFO] Finished at: 2026-03-07T18:40:34+05:30
[INFO] ------------------------------------------------------------------------
